2025-03-19 14:33:10,345 - ibeatles_CLI - INFO - Loading configuration: /Users/j35/Desktop/test_ibeatles_cli/Free_wire_d0_normalized_y2023_m02_d01_h15_mn27_config_03m_19d_2025y_14h_30mn.json
2025-03-19 14:33:10,345 - ibeatles_CLI - INFO - Loading configuration: /Users/j35/Desktop/test_ibeatles_cli/Free_wire_d0_normalized_config_03m_19d_2025y_14h_30mn.json
2025-03-19 14:33:10,345 - ibeatles_CLI - INFO - Loading configuration: /Users/j35/Desktop/test_ibeatles_cli/Free_wire_d0_config_03m_19d_2025y_14h_30mn.json
2025-03-19 14:33:10,346 - ibeatles_CLI - INFO - Loading data...
2025-03-19 14:33:10,346 - ibeatles_CLI - INFO - Loading data...
2025-03-19 14:33:10,346 - ibeatles_CLI - INFO - Loading data...
2025-03-19 14:33:14,570 - ibeatles_CLI - ERROR - An error occurred: not enough values to unpack (expected 2, got 1)
2025-03-19 14:33:14,571 - ibeatles_CLI - ERROR - An error occurred: Spectra file not found
2025-03-19 14:39:37,044 - ibeatles_CLI - INFO - Normalized data saved to /Users/j35/Desktop/test_ibeatles_cli/normalized_03m_18d_2025y_15h_23mn/Free_wire_d0_normalized.
2025-03-19 14:39:37,044 - ibeatles_CLI - INFO - Performing binning...
2025-03-19 14:39:37,383 - ibeatles_CLI - INFO - Performing fitting and strain mapping...
2025-03-19 14:39:37,383 - ibeatles_CLI - INFO - Performing fitting...
2025-03-19 14:39:37,406 - ibeatles_CLI - INFO - Bin_0: Failed fitting with sigma = 57, increase sigma and try again...
2025-03-19 14:39:37,409 - ibeatles_CLI - INFO - Bin_0: Failed fitting with sigma = 68, increase sigma and try again...
2025-03-19 14:39:37,412 - ibeatles_CLI - INFO - Bin_0: Failed fitting with sigma = 79, increase sigma and try again...
2025-03-19 14:39:37,414 - ibeatles_CLI - INFO - Bin_0: Failed fitting with sigma = 91, increase sigma and try again...
2025-03-19 14:39:37,416 - ibeatles_CLI - INFO - Bin_0: Failed fitting with sigma = 102, increase sigma and try again...
2025-03-19 14:39:37,710 - ibeatles_CLI - INFO - Bin_1: Failed fitting with sigma = 57, increase sigma and try again...
2025-03-19 14:39:37,712 - ibeatles_CLI - INFO - Bin_1: Failed fitting with sigma = 68, increase sigma and try again...
2025-03-19 14:39:37,714 - ibeatles_CLI - INFO - Bin_1: Failed fitting with sigma = 79, increase sigma and try again...
2025-03-19 14:39:37,718 - ibeatles_CLI - INFO - Bin_1: Failed fitting with sigma = 91, increase sigma and try again...
2025-03-19 14:39:37,761 - ibeatles_CLI - INFO - Bin_3: Failed fitting with sigma = 57, increase sigma and try again...
2025-03-19 14:39:37,763 - ibeatles_CLI - INFO - Bin_3: Failed fitting with sigma = 68, increase sigma and try again...
2025-03-19 14:39:37,766 - ibeatles_CLI - INFO - Bin_3: Failed fitting with sigma = 79, increase sigma and try again...
2025-03-19 14:39:37,768 - ibeatles_CLI - INFO - Bin_3: Failed fitting with sigma = 91, increase sigma and try again...
2025-03-19 14:39:37,793 - ibeatles_CLI - INFO - Bin_4: Failed fitting with sigma = 57, increase sigma and try again...
2025-03-19 14:39:37,796 - ibeatles_CLI - INFO - Bin_4: Failed fitting with sigma = 68, increase sigma and try again...
2025-03-19 14:39:37,799 - ibeatles_CLI - INFO - Bin_4: Failed fitting with sigma = 79, increase sigma and try again...
2025-03-19 14:39:37,802 - ibeatles_CLI - INFO - Bin_4: Failed fitting with sigma = 91, increase sigma and try again...
2025-03-19 14:39:37,806 - ibeatles_CLI - INFO - Bin_4: Failed fitting with sigma = 102, increase sigma and try again...
2025-03-19 14:39:37,809 - ibeatles_CLI - INFO - Bin_4: Failed fitting with sigma = 114, increase sigma and try again...
2025-03-19 14:39:37,812 - ibeatles_CLI - INFO - Bin_4: Failed fitting with sigma = 125, increase sigma and try again...
2025-03-19 14:39:37,841 - ibeatles_CLI - INFO - Bin_5: Failed fitting with sigma = 57, increase sigma and try again...
2025-03-19 14:39:37,843 - ibeatles_CLI - INFO - Bin_5: Failed fitting with sigma = 68, increase sigma and try again...
2025-03-19 14:39:37,847 - ibeatles_CLI - INFO - Bin_5: Failed fitting with sigma = 79, increase sigma and try again...
2025-03-19 14:39:37,849 - ibeatles_CLI - INFO - Bin_5: Failed fitting with sigma = 91, increase sigma and try again...
2025-03-19 14:39:37,853 - ibeatles_CLI - INFO - Bin_5: Failed fitting with sigma = 102, increase sigma and try again...
2025-03-19 14:39:37,855 - ibeatles_CLI - INFO - Bin_5: Failed fitting with sigma = 114, increase sigma and try again...
2025-03-19 14:39:38,022 - ibeatles_CLI - INFO - Bin_7: Failed fitting with sigma = 57, increase sigma and try again...
2025-03-19 14:39:38,024 - ibeatles_CLI - INFO - Bin_7: Failed fitting with sigma = 68, increase sigma and try again...
2025-03-19 14:39:38,026 - ibeatles_CLI - INFO - Bin_7: Failed fitting with sigma = 79, increase sigma and try again...
2025-03-19 14:39:38,029 - ibeatles_CLI - INFO - Bin_7: Failed fitting with sigma = 91, increase sigma and try again...
2025-03-19 14:39:38,031 - ibeatles_CLI - INFO - Bin_7: Failed fitting with sigma = 102, increase sigma and try again...
2025-03-19 14:39:38,365 - ibeatles_CLI - INFO - Bin_8: Failed fitting with sigma = 57, increase sigma and try again...
2025-03-19 14:39:38,367 - ibeatles_CLI - INFO - Bin_8: Failed fitting with sigma = 68, increase sigma and try again...
2025-03-19 14:39:38,370 - ibeatles_CLI - INFO - Bin_8: Failed fitting with sigma = 79, increase sigma and try again...
2025-03-19 14:39:38,374 - ibeatles_CLI - INFO - Bin_8: Failed fitting with sigma = 91, increase sigma and try again...
2025-03-19 14:39:38,377 - ibeatles_CLI - INFO - Bin_8: Failed fitting with sigma = 102, increase sigma and try again...
2025-03-19 14:39:38,536 - ibeatles_CLI - INFO - Bin_9: Failed fitting with sigma = 57, increase sigma and try again...
2025-03-19 14:39:38,554 - ibeatles_CLI - INFO - Bin_10: Failed fitting with sigma = 57, increase sigma and try again...
2025-03-19 14:39:38,557 - ibeatles_CLI - INFO - Bin_10: Failed fitting with sigma = 68, increase sigma and try again...
2025-03-19 14:39:38,559 - ibeatles_CLI - INFO - Bin_10: Failed fitting with sigma = 79, increase sigma and try again...
2025-03-19 14:39:38,561 - ibeatles_CLI - INFO - Bin_10: Failed fitting with sigma = 91, increase sigma and try again...
2025-03-19 14:39:38,569 - ibeatles_CLI - INFO - Bin_10: Failed fitting with sigma = 102, increase sigma and try again...
2025-03-19 14:39:38,572 - ibeatles_CLI - INFO - Bin_10: Failed fitting with sigma = 114, increase sigma and try again...
2025-03-19 14:39:39,175 - ibeatles_CLI - INFO - Bin_11: Failed fitting with sigma = 57, increase sigma and try again...
2025-03-19 14:39:39,178 - ibeatles_CLI - INFO - Bin_11: Failed fitting with sigma = 68, increase sigma and try again...
2025-03-19 14:39:39,181 - ibeatles_CLI - INFO - Bin_11: Failed fitting with sigma = 79, increase sigma and try again...
2025-03-19 14:39:39,184 - ibeatles_CLI - INFO - Bin_11: Failed fitting with sigma = 91, increase sigma and try again...
2025-03-19 14:39:39,187 - ibeatles_CLI - INFO - Bin_11: Failed fitting with sigma = 102, increase sigma and try again...
2025-03-19 14:39:39,191 - ibeatles_CLI - INFO - Bin_11: Failed fitting with sigma = 114, increase sigma and try again...
2025-03-19 14:39:39,194 - ibeatles_CLI - INFO - Bin_11: Failed fitting with sigma = 125, increase sigma and try again...
2025-03-19 14:39:39,220 - ibeatles_CLI - INFO - Bin_12: Failed fitting with sigma = 57, increase sigma and try again...
2025-03-19 14:39:39,223 - ibeatles_CLI - INFO - Bin_12: Failed fitting with sigma = 68, increase sigma and try again...
2025-03-19 14:39:39,226 - ibeatles_CLI - INFO - Bin_12: Failed fitting with sigma = 79, increase sigma and try again...
2025-03-19 14:39:39,228 - ibeatles_CLI - INFO - Bin_12: Failed fitting with sigma = 91, increase sigma and try again...
2025-03-19 14:39:39,297 - ibeatles_CLI - INFO - Bin_14: Failed fitting with sigma = 57, increase sigma and try again...
2025-03-19 14:39:39,299 - ibeatles_CLI - INFO - Bin_14: Failed fitting with sigma = 68, increase sigma and try again...
2025-03-19 14:39:39,301 - ibeatles_CLI - INFO - Bin_14: Failed fitting with sigma = 79, increase sigma and try again...
2025-03-19 14:39:39,304 - ibeatles_CLI - INFO - Bin_14: Failed fitting with sigma = 91, increase sigma and try again...
2025-03-19 14:39:39,306 - ibeatles_CLI - INFO - Bin_14: Failed fitting with sigma = 102, increase sigma and try again...
2025-03-19 14:39:39,503 - ibeatles_CLI - INFO - Bin_15: Failed fitting with sigma = 57, increase sigma and try again...
2025-03-19 14:39:39,505 - ibeatles_CLI - INFO - Bin_15: Failed fitting with sigma = 68, increase sigma and try again...
2025-03-19 14:39:39,507 - ibeatles_CLI - INFO - Bin_15: Failed fitting with sigma = 79, increase sigma and try again...
2025-03-19 14:39:39,510 - ibeatles_CLI - INFO - Bin_15: Failed fitting with sigma = 91, increase sigma and try again...
2025-03-19 14:39:39,514 - ibeatles_CLI - INFO - Bin_15: Failed fitting with sigma = 102, increase sigma and try again...
2025-03-19 14:39:39,538 - ibeatles_CLI - INFO - Bin_16: Failed fitting with sigma = 57, increase sigma and try again...
2025-03-19 14:39:39,542 - ibeatles_CLI - INFO - Bin_16: Failed fitting with sigma = 68, increase sigma and try again...
2025-03-19 14:39:39,545 - ibeatles_CLI - INFO - Bin_16: Failed fitting with sigma = 79, increase sigma and try again...
2025-03-19 14:39:39,548 - ibeatles_CLI - INFO - Bin_16: Failed fitting with sigma = 91, increase sigma and try again...
2025-03-19 14:39:39,552 - ibeatles_CLI - INFO - Bin_16: Failed fitting with sigma = 102, increase sigma and try again...
2025-03-19 14:39:39,556 - ibeatles_CLI - INFO - Bin_16: Failed fitting with sigma = 114, increase sigma and try again...
2025-03-19 14:39:39,590 - ibeatles_CLI - INFO - Bin_17: Failed fitting with sigma = 57, increase sigma and try again...
2025-03-19 14:39:39,593 - ibeatles_CLI - INFO - Bin_17: Failed fitting with sigma = 68, increase sigma and try again...
2025-03-19 14:39:39,595 - ibeatles_CLI - INFO - Bin_17: Failed fitting with sigma = 79, increase sigma and try again...
2025-03-19 14:39:39,597 - ibeatles_CLI - INFO - Bin_17: Failed fitting with sigma = 91, increase sigma and try again...
2025-03-19 14:39:39,602 - ibeatles_CLI - INFO - Bin_17: Failed fitting with sigma = 102, increase sigma and try again...
2025-03-19 14:39:39,756 - ibeatles_CLI - INFO - Bin_18: Failed fitting with sigma = 57, increase sigma and try again...
2025-03-19 14:39:39,759 - ibeatles_CLI - INFO - Bin_18: Failed fitting with sigma = 68, increase sigma and try again...
2025-03-19 14:39:39,762 - ibeatles_CLI - INFO - Bin_18: Failed fitting with sigma = 79, increase sigma and try again...
2025-03-19 14:39:39,764 - ibeatles_CLI - INFO - Bin_18: Failed fitting with sigma = 91, increase sigma and try again...
2025-03-19 14:39:39,768 - ibeatles_CLI - INFO - Bin_18: Failed fitting with sigma = 102, increase sigma and try again...
2025-03-19 14:39:39,772 - ibeatles_CLI - INFO - Bin_18: Failed fitting with sigma = 114, increase sigma and try again...
2025-03-19 14:39:39,774 - ibeatles_CLI - INFO - Bin_18: Failed fitting with sigma = 125, increase sigma and try again...
2025-03-19 14:39:39,778 - ibeatles_CLI - INFO - Bin_18: Failed fitting with sigma = 137, increase sigma and try again...
2025-03-19 14:39:39,802 - ibeatles_CLI - INFO - Bin_19: Failed fitting with sigma = 57, increase sigma and try again...
2025-03-19 14:39:39,838 - ibeatles_CLI - INFO - Plotting fitting results grid...
2025-03-19 14:39:43,975 - ibeatles_CLI - INFO - Saving fitting results...
2025-03-19 14:39:44,775 - ibeatles_CLI - INFO - Fitting results saved to /Users/j35/Desktop/test_ibeatles_cli/strain_03m_18d_2025y_15h_23mn.
2025-03-19 14:39:44,776 - ibeatles_CLI - INFO - Calculating strain mapping...
2025-03-19 14:39:44,776 - ibeatles_CLI - INFO - Plotting strain map overlay...
2025-03-19 14:39:45,027 - ibeatles_CLI - INFO - Saving strain map overlay...
2025-03-19 14:39:45,451 - ibeatles_CLI - INFO - Strain map overlay saved to /Users/j35/Desktop/test_ibeatles_cli/strain_03m_18d_2025y_15h_23mn.
2025-03-19 14:39:45,451 - ibeatles_CLI - INFO - Saving analysis results...
2025-03-19 14:39:45,453 - ibeatles_CLI - INFO - Analysis results saved to /Users/j35/Desktop/test_ibeatles_cli/strain_03m_18d_2025y_15h_23mn.
2025-03-19 14:39:45,453 - ibeatles_CLI - INFO - iBeatles CLI application completed successfully.
