2025-03-12 09:42:57,073 - ibeatles_CLI - INFO - Loading configuration: /Users/j35/Desktop/test_ibeatles_cli/config_03m_12d_2025y_09h_41mn_y2025_m03_d12_h09_mn41.json
2025-03-12 09:42:57,073 - ibeatles_CLI - ERROR - An error occurred: 4 validation errors for IBeatlesUserConfig
raw_data.raw_data_dir
  Input is not a valid path for <class 'pathlib.Path'> [type=path_type, input_value=None, input_type=NoneType]
raw_data.extension
  Input should be a valid string [type=string_type, input_value=None, input_type=NoneType]
    For further information visit https://errors.pydantic.dev/2.10/v/string_type
open_beam.open_beam_data_dir
  Input is not a valid path for <class 'pathlib.Path'> [type=path_type, input_value=None, input_type=NoneType]
open_beam.extension
  Input should be a valid string [type=string_type, input_value=None, input_type=NoneType]
    For further information visit https://errors.pydantic.dev/2.10/v/string_type
2025-03-12 10:16:14,103 - ibeatles_CLI - INFO - Loading configuration: /Users/j35/Desktop/test_ibeatles_cli/config_03m_12d_2025y_10h_15mn_y2025_m03_d12_h10_mn15.json
2025-03-12 10:16:14,104 - ibeatles_CLI - INFO - Loading data...
2025-03-12 10:22:39,359 - ibeatles_CLI - INFO - Normalized data saved to /Users/j35/Desktop/test_ibeatles_cli/normalized_03m_12d_2025y_10h_15mn/Free_wire_d0_normalized.
2025-03-12 10:22:39,359 - ibeatles_CLI - INFO - Performing binning...
2025-03-12 10:22:39,692 - ibeatles_CLI - INFO - Performing fitting and strain mapping...
2025-03-12 10:22:39,692 - ibeatles_CLI - INFO - Performing fitting...
2025-03-12 10:22:39,703 - ibeatles_CLI - INFO - Bin_0: Failed fitting with sigma = 56, increase sigma and try again...
2025-03-12 10:22:39,705 - ibeatles_CLI - INFO - Bin_0: Failed fitting with sigma = 67, increase sigma and try again...
2025-03-12 10:22:39,708 - ibeatles_CLI - INFO - Bin_0: Failed fitting with sigma = 78, increase sigma and try again...
2025-03-12 10:22:39,735 - ibeatles_CLI - INFO - Bin_1: Failed fitting with sigma = 56, increase sigma and try again...
2025-03-12 10:22:39,738 - ibeatles_CLI - INFO - Bin_1: Failed fitting with sigma = 67, increase sigma and try again...
2025-03-12 10:22:39,741 - ibeatles_CLI - INFO - Bin_1: Failed fitting with sigma = 78, increase sigma and try again...
2025-03-12 10:22:39,768 - ibeatles_CLI - INFO - Bin_2: Failed fitting with sigma = 56, increase sigma and try again...
2025-03-12 10:22:39,795 - ibeatles_CLI - INFO - Bin_3: Failed fitting with sigma = 56, increase sigma and try again...
2025-03-12 10:22:39,797 - ibeatles_CLI - INFO - Bin_3: Failed fitting with sigma = 67, increase sigma and try again...
2025-03-12 10:22:39,819 - ibeatles_CLI - INFO - Bin_4: Failed fitting with sigma = 56, increase sigma and try again...
2025-03-12 10:22:39,822 - ibeatles_CLI - INFO - Bin_4: Failed fitting with sigma = 67, increase sigma and try again...
2025-03-12 10:22:39,825 - ibeatles_CLI - INFO - Bin_4: Failed fitting with sigma = 78, increase sigma and try again...
2025-03-12 10:22:39,828 - ibeatles_CLI - INFO - Bin_4: Failed fitting with sigma = 89, increase sigma and try again...
2025-03-12 10:22:39,831 - ibeatles_CLI - INFO - Bin_4: Failed fitting with sigma = 100, increase sigma and try again...
2025-03-12 10:22:39,834 - ibeatles_CLI - INFO - Bin_4: Failed fitting with sigma = 112, increase sigma and try again...
2025-03-12 10:22:39,837 - ibeatles_CLI - INFO - Bin_4: Failed fitting with sigma = 123, increase sigma and try again...
2025-03-12 10:22:39,840 - ibeatles_CLI - INFO - Bin_4: Failed fitting with sigma = 134, increase sigma and try again...
2025-03-12 10:22:39,866 - ibeatles_CLI - INFO - Bin_5: Failed fitting with sigma = 56, increase sigma and try again...
2025-03-12 10:22:39,869 - ibeatles_CLI - INFO - Bin_5: Failed fitting with sigma = 67, increase sigma and try again...
2025-03-12 10:22:39,985 - ibeatles_CLI - INFO - Bin_8: Failed fitting with sigma = 56, increase sigma and try again...
2025-03-12 10:22:39,988 - ibeatles_CLI - INFO - Bin_8: Failed fitting with sigma = 67, increase sigma and try again...
2025-03-12 10:22:39,991 - ibeatles_CLI - INFO - Bin_8: Failed fitting with sigma = 78, increase sigma and try again...
2025-03-12 10:22:39,994 - ibeatles_CLI - INFO - Bin_8: Failed fitting with sigma = 89, increase sigma and try again...
2025-03-12 10:22:40,014 - ibeatles_CLI - INFO - Bin_9: Failed fitting with sigma = 56, increase sigma and try again...
2025-03-12 10:22:40,017 - ibeatles_CLI - INFO - Bin_9: Failed fitting with sigma = 67, increase sigma and try again...
2025-03-12 10:22:40,020 - ibeatles_CLI - INFO - Bin_9: Failed fitting with sigma = 78, increase sigma and try again...
2025-03-12 10:22:40,023 - ibeatles_CLI - INFO - Bin_9: Failed fitting with sigma = 89, increase sigma and try again...
2025-03-12 10:22:40,026 - ibeatles_CLI - INFO - Bin_9: Failed fitting with sigma = 100, increase sigma and try again...
2025-03-12 10:22:40,045 - ibeatles_CLI - INFO - Bin_10: Failed fitting with sigma = 56, increase sigma and try again...
2025-03-12 10:22:40,047 - ibeatles_CLI - INFO - Bin_10: Failed fitting with sigma = 67, increase sigma and try again...
2025-03-12 10:22:40,059 - ibeatles_CLI - INFO - Bin_11: Failed fitting with sigma = 56, increase sigma and try again...
2025-03-12 10:22:40,063 - ibeatles_CLI - INFO - Bin_11: Failed fitting with sigma = 67, increase sigma and try again...
2025-03-12 10:22:40,066 - ibeatles_CLI - INFO - Bin_11: Failed fitting with sigma = 78, increase sigma and try again...
2025-03-12 10:22:40,068 - ibeatles_CLI - INFO - Bin_11: Failed fitting with sigma = 89, increase sigma and try again...
2025-03-12 10:22:40,072 - ibeatles_CLI - INFO - Bin_11: Failed fitting with sigma = 100, increase sigma and try again...
2025-03-12 10:22:40,075 - ibeatles_CLI - INFO - Bin_11: Failed fitting with sigma = 112, increase sigma and try again...
2025-03-12 10:22:40,078 - ibeatles_CLI - INFO - Bin_11: Failed fitting with sigma = 123, increase sigma and try again...
2025-03-12 10:22:40,081 - ibeatles_CLI - INFO - Bin_11: Failed fitting with sigma = 134, increase sigma and try again...
2025-03-12 10:22:40,104 - ibeatles_CLI - INFO - Bin_12: Failed fitting with sigma = 56, increase sigma and try again...
2025-03-12 10:22:40,122 - ibeatles_CLI - INFO - Bin_13: Failed fitting with sigma = 56, increase sigma and try again...
2025-03-12 10:22:40,180 - ibeatles_CLI - INFO - Bin_15: Failed fitting with sigma = 56, increase sigma and try again...
2025-03-12 10:22:40,183 - ibeatles_CLI - INFO - Bin_15: Failed fitting with sigma = 67, increase sigma and try again...
2025-03-12 10:22:40,186 - ibeatles_CLI - INFO - Bin_15: Failed fitting with sigma = 78, increase sigma and try again...
2025-03-12 10:22:40,188 - ibeatles_CLI - INFO - Bin_15: Failed fitting with sigma = 89, increase sigma and try again...
2025-03-12 10:22:40,191 - ibeatles_CLI - INFO - Bin_15: Failed fitting with sigma = 100, increase sigma and try again...
2025-03-12 10:22:40,823 - ibeatles_CLI - INFO - Bin_17: Failed fitting with sigma = 56, increase sigma and try again...
2025-03-12 10:22:40,826 - ibeatles_CLI - INFO - Bin_17: Failed fitting with sigma = 67, increase sigma and try again...
2025-03-12 10:22:40,838 - ibeatles_CLI - INFO - Bin_18: Failed fitting with sigma = 56, increase sigma and try again...
2025-03-12 10:22:40,841 - ibeatles_CLI - INFO - Bin_18: Failed fitting with sigma = 67, increase sigma and try again...
2025-03-12 10:22:40,844 - ibeatles_CLI - INFO - Bin_18: Failed fitting with sigma = 78, increase sigma and try again...
2025-03-12 10:22:40,847 - ibeatles_CLI - INFO - Bin_18: Failed fitting with sigma = 89, increase sigma and try again...
2025-03-12 10:22:40,851 - ibeatles_CLI - INFO - Bin_18: Failed fitting with sigma = 100, increase sigma and try again...
2025-03-12 10:22:40,855 - ibeatles_CLI - INFO - Bin_18: Failed fitting with sigma = 112, increase sigma and try again...
2025-03-12 10:22:40,858 - ibeatles_CLI - INFO - Bin_18: Failed fitting with sigma = 123, increase sigma and try again...
2025-03-12 10:22:40,909 - ibeatles_CLI - INFO - Bin_19: Failed fitting with sigma = 56, increase sigma and try again...
2025-03-12 10:22:40,941 - ibeatles_CLI - INFO - Plotting fitting results grid...
2025-03-12 10:22:41,913 - ibeatles_CLI - INFO - Saving fitting results...
2025-03-12 10:22:43,862 - ibeatles_CLI - INFO - Fitting results saved to /Users/j35/Desktop/test_ibeatles_cli/strain_03m_12d_2025y_10h_15mn.
2025-03-12 10:22:43,862 - ibeatles_CLI - INFO - Calculating strain mapping...
2025-03-12 10:22:43,862 - ibeatles_CLI - INFO - Plotting strain map overlay...
2025-03-12 10:22:44,113 - ibeatles_CLI - INFO - Saving strain map overlay...
2025-03-12 10:22:44,528 - ibeatles_CLI - INFO - Strain map overlay saved to /Users/j35/Desktop/test_ibeatles_cli/strain_03m_12d_2025y_10h_15mn.
2025-03-12 10:22:44,528 - ibeatles_CLI - INFO - Saving analysis results...
2025-03-12 10:22:44,531 - ibeatles_CLI - INFO - Analysis results saved to /Users/j35/Desktop/test_ibeatles_cli/strain_03m_12d_2025y_10h_15mn.
2025-03-12 10:22:44,531 - ibeatles_CLI - INFO - iBeatles CLI application completed successfully.
